edges
| tests.c:7:6:7:14 | *std_files | tests.c:7:6:7:14 | *std_files |
| tests.c:7:6:7:14 | *std_files | tests.c:70:70:70:77 | *password |
| tests.c:57:21:57:28 | *password | tests.c:7:6:7:14 | *std_files |
| tests.c:57:21:57:28 | *password | tests.c:70:70:70:77 | *password |
nodes
| tests.c:7:6:7:14 | *std_files | semmle.label | *std_files |
| tests.c:57:21:57:28 | *password | semmle.label | *password |
| tests.c:70:70:70:77 | *password | semmle.label | *password |
subpaths
#select
| tests.c:70:70:70:77 | *password | tests.c:57:21:57:28 | *password | tests.c:70:70:70:77 | *password | This operation potentially exposes sensitive system data from $@. | tests.c:57:21:57:28 | *password | *password |
