| A.cpp:25:13:25:13 | c |
| A.cpp:27:28:27:28 | c |
| A.cpp:49:13:49:13 | c |
| A.cpp:65:14:65:14 | c |
| A.cpp:66:14:66:14 | c |
| A.cpp:74:14:74:14 | c |
| A.cpp:75:14:75:14 | c |
| A.cpp:100:9:100:9 | a |
| A.cpp:107:16:107:16 | a |
| A.cpp:120:16:120:16 | a |
| A.cpp:132:13:132:13 | c |
| A.cpp:142:10:142:10 | c |
| A.cpp:143:13:143:13 | b |
| A.cpp:152:13:152:13 | b |
| A.cpp:153:16:153:16 | c |
| A.cpp:154:13:154:13 | c |
| A.cpp:163:14:163:17 | head |
| A.cpp:164:20:164:23 | head |
| A.cpp:165:26:165:29 | head |
| A.cpp:166:32:166:35 | head |
| A.cpp:169:15:169:18 | head |
| A.cpp:183:7:183:10 | head |
| A.cpp:184:13:184:16 | next |
| B.cpp:9:20:9:24 | elem1 |
| B.cpp:10:20:10:24 | elem2 |
| B.cpp:18:20:18:24 | elem1 |
| B.cpp:19:20:19:24 | elem2 |
| B.cpp:35:13:35:17 | elem1 |
| B.cpp:36:13:36:17 | elem2 |
| B.cpp:46:13:46:16 | box1 |
| C.cpp:24:11:24:12 | s3 |
| C.cpp:29:10:29:11 | s1 |
| C.cpp:31:10:31:11 | s3 |
| D.cpp:9:21:9:24 | elem |
| D.cpp:11:29:11:32 | elem |
| D.cpp:16:21:16:23 | box |
| D.cpp:18:29:18:31 | box |
| D.cpp:30:13:30:16 | elem |
| D.cpp:37:8:37:10 | box |
| D.cpp:44:19:44:22 | elem |
| D.cpp:57:5:57:12 | boxfield |
| D.cpp:58:20:58:23 | elem |
| D.cpp:64:25:64:28 | elem |
| E.cpp:21:18:21:23 | buffer |
| E.cpp:29:24:29:29 | buffer |
| E.cpp:30:28:30:33 | buffer |
| E.cpp:32:13:32:18 | buffer |
| aliasing.cpp:9:6:9:7 | m1 |
| aliasing.cpp:13:5:13:6 | m1 |
| aliasing.cpp:17:5:17:6 | m1 |
| aliasing.cpp:37:8:37:9 | m1 |
| aliasing.cpp:42:6:42:7 | m1 |
| aliasing.cpp:49:9:49:10 | m1 |
| aliasing.cpp:54:6:54:7 | m1 |
| aliasing.cpp:60:6:60:7 | m1 |
| aliasing.cpp:72:5:72:6 | m1 |
| aliasing.cpp:79:6:79:7 | m1 |
| aliasing.cpp:86:5:86:6 | m1 |
| aliasing.cpp:92:7:92:8 | m1 |
| aliasing.cpp:98:5:98:6 | m1 |
| aliasing.cpp:111:15:111:19 | & ... |
| aliasing.cpp:141:17:141:20 | data |
| aliasing.cpp:147:15:147:22 | & ... |
| aliasing.cpp:158:17:158:20 | data |
| aliasing.cpp:164:17:164:20 | data |
| aliasing.cpp:175:15:175:22 | & ... |
| aliasing.cpp:181:15:181:22 | & ... |
| aliasing.cpp:187:15:187:22 | & ... |
| aliasing.cpp:194:15:194:22 | & ... |
| aliasing.cpp:200:15:200:24 | & ... |
| aliasing.cpp:205:15:205:24 | & ... |
| arrays.cpp:36:19:36:22 | data |
| arrays.cpp:37:24:37:27 | data |
| arrays.cpp:38:24:38:27 | data |
| arrays.cpp:42:22:42:25 | data |
| arrays.cpp:43:27:43:30 | data |
| arrays.cpp:44:27:44:30 | data |
| arrays.cpp:48:22:48:25 | data |
| arrays.cpp:49:27:49:30 | data |
| arrays.cpp:50:27:50:30 | data |
| by_reference.cpp:12:8:12:8 | a |
| by_reference.cpp:16:11:16:11 | a |
| by_reference.cpp:84:10:84:10 | a |
| by_reference.cpp:88:9:88:9 | a |
| by_reference.cpp:102:21:102:39 | & ... |
| by_reference.cpp:103:27:103:35 | inner_ptr |
| by_reference.cpp:104:15:104:22 | & ... |
| by_reference.cpp:106:21:106:41 | & ... |
| by_reference.cpp:107:29:107:37 | inner_ptr |
| by_reference.cpp:108:15:108:24 | & ... |
| by_reference.cpp:110:27:110:27 | a |
| by_reference.cpp:111:25:111:25 | a |
| by_reference.cpp:112:14:112:14 | a |
| by_reference.cpp:114:29:114:29 | a |
| by_reference.cpp:115:27:115:27 | a |
| by_reference.cpp:116:16:116:16 | a |
| by_reference.cpp:122:27:122:38 | inner_nested |
| by_reference.cpp:123:21:123:36 | * ... |
| by_reference.cpp:124:21:124:21 | a |
| by_reference.cpp:126:29:126:40 | inner_nested |
| by_reference.cpp:127:21:127:38 | * ... |
| by_reference.cpp:128:23:128:23 | a |
| by_reference.cpp:130:27:130:27 | a |
| by_reference.cpp:131:25:131:25 | a |
| by_reference.cpp:132:14:132:14 | a |
| by_reference.cpp:134:29:134:29 | a |
| by_reference.cpp:135:27:135:27 | a |
| by_reference.cpp:136:16:136:16 | a |
| complex.cpp:11:22:11:23 | a_ |
| complex.cpp:12:22:12:23 | b_ |
| complex.cpp:42:16:42:16 | f |
| complex.cpp:43:16:43:16 | f |
| complex.cpp:53:12:53:12 | f |
| complex.cpp:54:12:54:12 | f |
| complex.cpp:55:12:55:12 | f |
| complex.cpp:56:12:56:12 | f |
| conflated.cpp:10:3:10:7 | * ... |
| conflated.cpp:29:7:29:7 | x |
| conflated.cpp:36:7:36:7 | x |
| conflated.cpp:53:7:53:10 | next |
| conflated.cpp:54:13:54:13 | y |
| conflated.cpp:60:13:60:13 | y |
| constructors.cpp:20:24:20:25 | a_ |
| constructors.cpp:21:24:21:25 | b_ |
| qualifiers.cpp:9:36:9:36 | a |
| qualifiers.cpp:12:56:12:56 | a |
| qualifiers.cpp:13:57:13:57 | a |
| qualifiers.cpp:22:23:22:23 | a |
| qualifiers.cpp:23:23:23:23 | a |
| qualifiers.cpp:28:23:28:23 | a |
| qualifiers.cpp:33:23:33:23 | a |
| qualifiers.cpp:38:23:38:23 | a |
| qualifiers.cpp:42:25:42:25 | a |
| qualifiers.cpp:43:23:43:23 | a |
| qualifiers.cpp:47:27:47:27 | a |
| qualifiers.cpp:48:23:48:23 | a |
| realistic.cpp:49:20:49:22 | baz |
| realistic.cpp:53:35:53:43 | bufferLen |
| realistic.cpp:54:42:54:47 | buffer |
| realistic.cpp:61:47:61:55 | bufferLen |
| realistic.cpp:65:47:65:52 | buffer |
| simple.cpp:20:24:20:25 | a_ |
| simple.cpp:21:24:21:25 | b_ |
| simple.cpp:65:7:65:7 | i |
| simple.cpp:83:12:83:13 | f1 |
| simple.cpp:92:7:92:7 | i |
| struct_init.c:15:12:15:12 | a |
| struct_init.c:16:12:16:12 | b |
| struct_init.c:22:11:22:11 | a |
| struct_init.c:23:11:23:11 | b |
| struct_init.c:31:23:31:23 | a |
| struct_init.c:32:23:32:23 | b |
| struct_init.c:33:25:33:25 | a |
| struct_init.c:34:25:34:25 | b |
| struct_init.c:36:10:36:24 | & ... |
| struct_init.c:46:16:46:24 | pointerAB |
