| A.cpp:25:7:25:10 | this | AST only |
| A.cpp:27:22:27:25 | this | AST only |
| A.cpp:31:20:31:20 | c | AST only |
| A.cpp:40:5:40:6 | cc | AST only |
| A.cpp:41:5:41:6 | ct | AST only |
| A.cpp:42:10:42:12 | & ... | AST only |
| A.cpp:43:10:43:12 | & ... | AST only |
| A.cpp:48:20:48:20 | c | AST only |
| A.cpp:49:10:49:10 | b | AST only |
| A.cpp:55:5:55:5 | b | AST only |
| A.cpp:56:10:56:10 | b | AST only |
| A.cpp:56:13:56:15 | call to get | AST only |
| A.cpp:57:28:57:30 | call to get | AST only |
| A.cpp:64:10:64:15 | this | AST only |
| A.cpp:64:17:64:18 | b1 | AST only |
| A.cpp:65:10:65:11 | b1 | AST only |
| A.cpp:66:10:66:11 | b2 | AST only |
| A.cpp:73:10:73:19 | this | AST only |
| A.cpp:73:21:73:22 | b1 | AST only |
| A.cpp:74:10:74:11 | b1 | AST only |
| A.cpp:75:10:75:11 | b2 | AST only |
| A.cpp:81:10:81:15 | this | AST only |
| A.cpp:81:17:81:18 | b1 | AST only |
| A.cpp:81:21:81:21 | c | AST only |
| A.cpp:82:12:82:12 | this | AST only |
| A.cpp:87:9:87:9 | this | AST only |
| A.cpp:90:7:90:8 | b2 | AST only |
| A.cpp:90:15:90:15 | c | AST only |
| A.cpp:100:5:100:6 | c1 | AST only |
| A.cpp:101:5:101:6 | this | AST only |
| A.cpp:101:8:101:9 | c1 | AST only |
| A.cpp:107:12:107:13 | c1 | AST only |
| A.cpp:120:12:120:13 | c1 | AST only |
| A.cpp:126:5:126:5 | b | AST only |
| A.cpp:131:5:131:6 | this | AST only |
| A.cpp:131:8:131:8 | b | AST only |
| A.cpp:132:10:132:10 | b | AST only |
| A.cpp:142:7:142:7 | b | AST only |
| A.cpp:143:7:143:10 | this | AST only |
| A.cpp:151:18:151:18 | b | AST only |
| A.cpp:151:21:151:21 | this | AST only |
| A.cpp:152:10:152:10 | d | AST only |
| A.cpp:153:10:153:10 | d | AST only |
| A.cpp:153:13:153:13 | b | AST only |
| A.cpp:154:10:154:10 | b | AST only |
| A.cpp:160:29:160:29 | b | AST only |
| A.cpp:161:38:161:39 | l1 | AST only |
| A.cpp:162:38:162:39 | l2 | AST only |
| A.cpp:163:10:163:11 | l3 | AST only |
| A.cpp:164:10:164:11 | l3 | AST only |
| A.cpp:164:14:164:17 | next | AST only |
| A.cpp:165:10:165:11 | l3 | AST only |
| A.cpp:165:14:165:17 | next | AST only |
| A.cpp:165:20:165:23 | next | AST only |
| A.cpp:166:10:166:11 | l3 | AST only |
| A.cpp:166:14:166:17 | next | AST only |
| A.cpp:166:20:166:23 | next | AST only |
| A.cpp:166:26:166:29 | next | AST only |
| A.cpp:169:12:169:12 | l | AST only |
| A.cpp:183:7:183:10 | this | AST only |
| A.cpp:184:7:184:10 | this | AST only |
| B.cpp:7:25:7:25 | e | AST only |
| B.cpp:8:25:8:26 | b1 | AST only |
| B.cpp:9:10:9:11 | b2 | AST only |
| B.cpp:9:14:9:17 | box1 | AST only |
| B.cpp:10:10:10:11 | b2 | AST only |
| B.cpp:10:14:10:17 | box1 | AST only |
| B.cpp:16:37:16:37 | e | AST only |
| B.cpp:17:25:17:26 | b1 | AST only |
| B.cpp:18:10:18:11 | b2 | AST only |
| B.cpp:18:14:18:17 | box1 | AST only |
| B.cpp:19:10:19:11 | b2 | AST only |
| B.cpp:19:14:19:17 | box1 | AST only |
| B.cpp:35:7:35:10 | this | AST only |
| B.cpp:36:7:36:10 | this | AST only |
| B.cpp:46:7:46:10 | this | AST only |
| C.cpp:19:5:19:5 | c | AST only |
| C.cpp:24:5:24:8 | this | AST only |
| C.cpp:29:10:29:11 | this | AST only |
| C.cpp:31:10:31:11 | this | AST only |
| D.cpp:9:21:9:24 | this | AST only |
| D.cpp:11:29:11:32 | this | AST only |
| D.cpp:16:21:16:23 | this | AST only |
| D.cpp:18:29:18:31 | this | AST only |
| D.cpp:22:10:22:11 | b2 | AST only |
| D.cpp:22:14:22:20 | call to getBox1 | AST only |
| D.cpp:22:25:22:31 | call to getElem | AST only |
| D.cpp:30:5:30:5 | b | AST only |
| D.cpp:30:8:30:10 | box | AST only |
| D.cpp:31:14:31:14 | b | AST only |
| D.cpp:37:5:37:5 | b | AST only |
| D.cpp:37:21:37:21 | e | AST only |
| D.cpp:38:14:38:14 | b | AST only |
| D.cpp:44:5:44:5 | b | AST only |
| D.cpp:44:8:44:14 | call to getBox1 | AST only |
| D.cpp:45:14:45:14 | b | AST only |
| D.cpp:51:5:51:5 | b | AST only |
| D.cpp:51:8:51:14 | call to getBox1 | AST only |
| D.cpp:51:27:51:27 | e | AST only |
| D.cpp:52:14:52:14 | b | AST only |
| D.cpp:57:5:57:12 | this | AST only |
| D.cpp:58:5:58:12 | boxfield | AST only |
| D.cpp:58:5:58:12 | this | AST only |
| D.cpp:58:15:58:17 | box | AST only |
| D.cpp:59:5:59:7 | this | AST only |
| D.cpp:64:10:64:17 | boxfield | AST only |
| D.cpp:64:10:64:17 | this | AST only |
| D.cpp:64:20:64:22 | box | AST only |
| E.cpp:21:10:21:10 | p | AST only |
| E.cpp:21:13:21:16 | data | AST only |
| E.cpp:28:21:28:23 | raw | AST only |
| E.cpp:29:21:29:21 | b | AST only |
| E.cpp:30:21:30:21 | p | AST only |
| E.cpp:30:23:30:26 | data | AST only |
| E.cpp:31:10:31:12 | raw | AST only |
| E.cpp:32:10:32:10 | b | AST only |
| E.cpp:33:18:33:19 | & ... | AST only |
| aliasing.cpp:9:3:9:3 | s | AST only |
| aliasing.cpp:13:3:13:3 | s | AST only |
| aliasing.cpp:17:3:17:3 | s | AST only |
| aliasing.cpp:25:17:25:19 | & ... | AST only |
| aliasing.cpp:26:19:26:20 | s2 | AST only |
| aliasing.cpp:37:3:37:6 | ref1 | AST only |
| aliasing.cpp:42:3:42:4 | s2 | AST only |
| aliasing.cpp:49:3:49:7 | copy1 | AST only |
| aliasing.cpp:54:3:54:4 | s2 | AST only |
| aliasing.cpp:60:3:60:4 | s2 | AST only |
| aliasing.cpp:72:3:72:3 | s | AST only |
| aliasing.cpp:79:3:79:3 | s | AST only |
| aliasing.cpp:86:3:86:3 | s | AST only |
| aliasing.cpp:92:3:92:3 | w | AST only |
| aliasing.cpp:92:5:92:5 | s | AST only |
| aliasing.cpp:98:3:98:3 | s | AST only |
| aliasing.cpp:106:3:106:5 | * ... | AST only |
| aliasing.cpp:111:16:111:16 | s | AST only |
| aliasing.cpp:121:15:121:16 | xs | AST only |
| aliasing.cpp:126:15:126:20 | ... - ... | AST only |
| aliasing.cpp:131:15:131:16 | xs | AST only |
| aliasing.cpp:136:15:136:17 | + ... | AST only |
| aliasing.cpp:141:15:141:15 | s | AST only |
| aliasing.cpp:147:16:147:19 | access to array | AST only |
| aliasing.cpp:158:15:158:15 | s | AST only |
| aliasing.cpp:164:15:164:15 | s | AST only |
| aliasing.cpp:175:16:175:17 | s2 | AST only |
| aliasing.cpp:175:19:175:19 | s | AST only |
| aliasing.cpp:181:16:181:17 | s2 | AST only |
| aliasing.cpp:181:19:181:19 | s | AST only |
| aliasing.cpp:187:16:187:17 | s2 | AST only |
| aliasing.cpp:187:19:187:19 | s | AST only |
| aliasing.cpp:194:16:194:17 | s2 | AST only |
| aliasing.cpp:194:19:194:19 | s | AST only |
| aliasing.cpp:200:16:200:18 | ps2 | AST only |
| aliasing.cpp:200:21:200:21 | s | AST only |
| aliasing.cpp:205:16:205:18 | ps2 | AST only |
| aliasing.cpp:205:21:205:21 | s | AST only |
| arrays.cpp:6:3:6:8 | access to array | AST only |
| arrays.cpp:15:3:15:10 | * ... | AST only |
| arrays.cpp:36:3:36:3 | o | AST only |
| arrays.cpp:36:3:36:17 | access to array | AST only |
| arrays.cpp:36:5:36:10 | nested | AST only |
| arrays.cpp:37:8:37:8 | o | AST only |
| arrays.cpp:37:8:37:22 | access to array | AST only |
| arrays.cpp:37:10:37:15 | nested | AST only |
| arrays.cpp:38:8:38:8 | o | AST only |
| arrays.cpp:38:8:38:22 | access to array | AST only |
| arrays.cpp:38:10:38:15 | nested | AST only |
| arrays.cpp:42:3:42:3 | o | AST only |
| arrays.cpp:42:3:42:20 | access to array | AST only |
| arrays.cpp:42:5:42:12 | indirect | AST only |
| arrays.cpp:43:8:43:8 | o | AST only |
| arrays.cpp:43:8:43:25 | access to array | AST only |
| arrays.cpp:43:10:43:17 | indirect | AST only |
| arrays.cpp:44:8:44:8 | o | AST only |
| arrays.cpp:44:8:44:25 | access to array | AST only |
| arrays.cpp:44:10:44:17 | indirect | AST only |
| arrays.cpp:48:3:48:3 | o | AST only |
| arrays.cpp:48:3:48:20 | access to array | AST only |
| arrays.cpp:48:5:48:12 | indirect | AST only |
| arrays.cpp:49:8:49:8 | o | AST only |
| arrays.cpp:49:8:49:25 | access to array | AST only |
| arrays.cpp:49:10:49:17 | indirect | AST only |
| arrays.cpp:50:8:50:8 | o | AST only |
| arrays.cpp:50:8:50:25 | access to array | AST only |
| arrays.cpp:50:10:50:17 | indirect | AST only |
| by_reference.cpp:12:5:12:5 | s | AST only |
| by_reference.cpp:16:5:16:8 | this | AST only |
| by_reference.cpp:20:5:20:8 | this | AST only |
| by_reference.cpp:20:23:20:27 | value | AST only |
| by_reference.cpp:24:19:24:22 | this | AST only |
| by_reference.cpp:24:25:24:29 | value | AST only |
| by_reference.cpp:40:12:40:15 | this | AST only |
| by_reference.cpp:50:3:50:3 | s | AST only |
| by_reference.cpp:50:17:50:26 | call to user_input | AST only |
| by_reference.cpp:51:8:51:8 | s | AST only |
| by_reference.cpp:51:10:51:20 | call to getDirectly | AST only |
| by_reference.cpp:56:3:56:3 | s | AST only |
| by_reference.cpp:56:19:56:28 | call to user_input | AST only |
| by_reference.cpp:57:8:57:8 | s | AST only |
| by_reference.cpp:57:10:57:22 | call to getIndirectly | AST only |
| by_reference.cpp:62:3:62:3 | s | AST only |
| by_reference.cpp:62:25:62:34 | call to user_input | AST only |
| by_reference.cpp:63:8:63:8 | s | AST only |
| by_reference.cpp:63:10:63:28 | call to getThroughNonMember | AST only |
| by_reference.cpp:68:17:68:18 | & ... | AST only |
| by_reference.cpp:68:21:68:30 | call to user_input | AST only |
| by_reference.cpp:69:8:69:20 | call to nonMemberGetA | AST only |
| by_reference.cpp:84:3:84:7 | inner | AST only |
| by_reference.cpp:88:3:88:7 | inner | AST only |
| by_reference.cpp:92:3:92:5 | * ... | AST only |
| by_reference.cpp:96:3:96:4 | pa | AST only |
| by_reference.cpp:102:22:102:26 | outer | AST only |
| by_reference.cpp:103:21:103:25 | outer | AST only |
| by_reference.cpp:104:16:104:20 | outer | AST only |
| by_reference.cpp:106:22:106:27 | pouter | AST only |
| by_reference.cpp:107:21:107:26 | pouter | AST only |
| by_reference.cpp:108:16:108:21 | pouter | AST only |
| by_reference.cpp:110:8:110:12 | outer | AST only |
| by_reference.cpp:110:14:110:25 | inner_nested | AST only |
| by_reference.cpp:111:8:111:12 | outer | AST only |
| by_reference.cpp:111:14:111:22 | inner_ptr | AST only |
| by_reference.cpp:112:8:112:12 | outer | AST only |
| by_reference.cpp:114:8:114:13 | pouter | AST only |
| by_reference.cpp:114:16:114:27 | inner_nested | AST only |
| by_reference.cpp:115:8:115:13 | pouter | AST only |
| by_reference.cpp:115:16:115:24 | inner_ptr | AST only |
| by_reference.cpp:116:8:116:13 | pouter | AST only |
| by_reference.cpp:122:21:122:25 | outer | AST only |
| by_reference.cpp:123:22:123:26 | outer | AST only |
| by_reference.cpp:124:15:124:19 | outer | AST only |
| by_reference.cpp:126:21:126:26 | pouter | AST only |
| by_reference.cpp:127:22:127:27 | pouter | AST only |
| by_reference.cpp:128:15:128:20 | pouter | AST only |
| by_reference.cpp:130:8:130:12 | outer | AST only |
| by_reference.cpp:130:14:130:25 | inner_nested | AST only |
| by_reference.cpp:131:8:131:12 | outer | AST only |
| by_reference.cpp:131:14:131:22 | inner_ptr | AST only |
| by_reference.cpp:132:8:132:12 | outer | AST only |
| by_reference.cpp:134:8:134:13 | pouter | AST only |
| by_reference.cpp:134:16:134:27 | inner_nested | AST only |
| by_reference.cpp:135:8:135:13 | pouter | AST only |
| by_reference.cpp:135:16:135:24 | inner_ptr | AST only |
| by_reference.cpp:136:8:136:13 | pouter | AST only |
| complex.cpp:11:22:11:23 | this | AST only |
| complex.cpp:12:22:12:23 | this | AST only |
| complex.cpp:42:8:42:8 | b | AST only |
| complex.cpp:42:10:42:14 | inner | AST only |
| complex.cpp:43:8:43:8 | b | AST only |
| complex.cpp:43:10:43:14 | inner | AST only |
| complex.cpp:53:3:53:4 | b1 | AST only |
| complex.cpp:53:6:53:10 | inner | AST only |
| complex.cpp:54:3:54:4 | b2 | AST only |
| complex.cpp:54:6:54:10 | inner | AST only |
| complex.cpp:55:3:55:4 | b3 | AST only |
| complex.cpp:55:6:55:10 | inner | AST only |
| complex.cpp:56:3:56:4 | b3 | AST only |
| complex.cpp:56:6:56:10 | inner | AST only |
| complex.cpp:59:7:59:8 | b1 | AST only |
| complex.cpp:62:7:62:8 | b2 | AST only |
| complex.cpp:65:7:65:8 | b3 | AST only |
| complex.cpp:68:7:68:8 | b4 | AST only |
| conflated.cpp:10:4:10:5 | ra | AST only |
| conflated.cpp:19:19:19:21 | raw | AST only |
| conflated.cpp:20:8:20:10 | raw | AST only |
| conflated.cpp:29:3:29:4 | pa | AST only |
| conflated.cpp:36:3:36:4 | pa | AST only |
| conflated.cpp:53:3:53:4 | ll | AST only |
| conflated.cpp:54:3:54:4 | ll | AST only |
| conflated.cpp:54:7:54:10 | next | AST only |
| conflated.cpp:59:35:59:38 | next | AST only |
| conflated.cpp:60:3:60:4 | ll | AST only |
| conflated.cpp:60:7:60:10 | next | AST only |
| constructors.cpp:20:24:20:25 | this | AST only |
| constructors.cpp:21:24:21:25 | this | AST only |
| constructors.cpp:28:10:28:10 | f | AST only |
| constructors.cpp:29:10:29:10 | f | AST only |
| constructors.cpp:40:9:40:9 | f | AST only |
| constructors.cpp:43:9:43:9 | g | AST only |
| constructors.cpp:46:9:46:9 | h | AST only |
| constructors.cpp:49:9:49:9 | i | AST only |
| qualifiers.cpp:9:30:9:33 | this | AST only |
| qualifiers.cpp:12:49:12:53 | inner | AST only |
| qualifiers.cpp:13:51:13:55 | inner | AST only |
| qualifiers.cpp:22:5:22:9 | outer | AST only |
| qualifiers.cpp:22:11:22:18 | call to getInner | AST only |
| qualifiers.cpp:23:10:23:14 | outer | AST only |
| qualifiers.cpp:23:16:23:20 | inner | AST only |
| qualifiers.cpp:27:5:27:9 | outer | AST only |
| qualifiers.cpp:27:11:27:18 | call to getInner | AST only |
| qualifiers.cpp:27:28:27:37 | call to user_input | AST only |
| qualifiers.cpp:28:10:28:14 | outer | AST only |
| qualifiers.cpp:28:16:28:20 | inner | AST only |
| qualifiers.cpp:32:17:32:21 | outer | AST only |
| qualifiers.cpp:32:23:32:30 | call to getInner | AST only |
| qualifiers.cpp:32:35:32:44 | call to user_input | AST only |
| qualifiers.cpp:33:10:33:14 | outer | AST only |
| qualifiers.cpp:33:16:33:20 | inner | AST only |
| qualifiers.cpp:37:19:37:35 | * ... | AST only |
| qualifiers.cpp:37:20:37:24 | outer | AST only |
| qualifiers.cpp:37:38:37:47 | call to user_input | AST only |
| qualifiers.cpp:38:10:38:14 | outer | AST only |
| qualifiers.cpp:38:16:38:20 | inner | AST only |
| qualifiers.cpp:42:6:42:22 | * ... | AST only |
| qualifiers.cpp:42:7:42:11 | outer | AST only |
| qualifiers.cpp:43:10:43:14 | outer | AST only |
| qualifiers.cpp:43:16:43:20 | inner | AST only |
| qualifiers.cpp:47:6:47:11 | & ... | AST only |
| qualifiers.cpp:47:15:47:22 | call to getInner | AST only |
| qualifiers.cpp:48:10:48:14 | outer | AST only |
| qualifiers.cpp:48:16:48:20 | inner | AST only |
| realistic.cpp:26:5:26:10 | offset | AST only |
| realistic.cpp:42:20:42:20 | o | AST only |
| realistic.cpp:49:9:49:11 | foo | AST only |
| realistic.cpp:49:9:49:18 | access to array | AST only |
| realistic.cpp:53:9:53:11 | foo | AST only |
| realistic.cpp:53:9:53:18 | access to array | AST only |
| realistic.cpp:53:20:53:22 | baz | AST only |
| realistic.cpp:53:25:53:33 | userInput | AST only |
| realistic.cpp:54:16:54:18 | foo | AST only |
| realistic.cpp:54:16:54:25 | access to array | AST only |
| realistic.cpp:54:27:54:29 | baz | AST only |
| realistic.cpp:54:32:54:40 | userInput | AST only |
| realistic.cpp:60:16:60:18 | dst | AST only |
| realistic.cpp:61:21:61:23 | foo | AST only |
| realistic.cpp:61:21:61:30 | access to array | AST only |
| realistic.cpp:61:32:61:34 | baz | AST only |
| realistic.cpp:61:37:61:45 | userInput | AST only |
| realistic.cpp:65:21:65:23 | foo | AST only |
| realistic.cpp:65:21:65:30 | access to array | AST only |
| realistic.cpp:65:32:65:34 | baz | AST only |
| realistic.cpp:65:37:65:45 | userInput | AST only |
| realistic.cpp:66:21:66:23 | dst | AST only |
| simple.cpp:20:24:20:25 | this | AST only |
| simple.cpp:21:24:21:25 | this | AST only |
| simple.cpp:28:10:28:10 | f | AST only |
| simple.cpp:29:10:29:10 | f | AST only |
| simple.cpp:39:5:39:5 | f | AST only |
| simple.cpp:40:5:40:5 | g | AST only |
| simple.cpp:41:5:41:5 | h | AST only |
| simple.cpp:42:5:42:5 | h | AST only |
| simple.cpp:45:9:45:9 | f | AST only |
| simple.cpp:48:9:48:9 | g | AST only |
| simple.cpp:51:9:51:9 | h | AST only |
| simple.cpp:54:9:54:9 | i | AST only |
| simple.cpp:65:5:65:5 | a | AST only |
| simple.cpp:83:9:83:10 | f2 | AST only |
| simple.cpp:83:9:83:10 | this | AST only |
| simple.cpp:84:14:84:20 | this | AST only |
| simple.cpp:92:5:92:5 | a | AST only |
| struct_init.c:15:8:15:9 | ab | AST only |
| struct_init.c:16:8:16:9 | ab | AST only |
| struct_init.c:22:8:22:9 | ab | AST only |
| struct_init.c:23:8:23:9 | ab | AST only |
| struct_init.c:24:10:24:12 | & ... | AST only |
| struct_init.c:31:8:31:12 | outer | AST only |
| struct_init.c:31:14:31:21 | nestedAB | AST only |
| struct_init.c:32:8:32:12 | outer | AST only |
| struct_init.c:32:14:32:21 | nestedAB | AST only |
| struct_init.c:33:8:33:12 | outer | AST only |
| struct_init.c:33:14:33:22 | pointerAB | AST only |
| struct_init.c:34:8:34:12 | outer | AST only |
| struct_init.c:34:14:34:22 | pointerAB | AST only |
| struct_init.c:36:11:36:15 | outer | AST only |
| struct_init.c:46:10:46:14 | outer | AST only |
