| test_diff.cpp:94:32:94:35 | argv | Unexpected result: ir-path= |
| test_diff.cpp:96:26:96:32 | (const char *)... | Unexpected result: ir-path=92:10 |
| test_diff.cpp:96:26:96:32 | (const char *)... | Unexpected result: ir-path=94:10 |
| test_diff.cpp:96:26:96:32 | (const char *)... | Unexpected result: ir-path=94:32 |
| test_diff.cpp:96:26:96:32 | (const char *)... | Unexpected result: ir-path=96:26 |
| test_diff.cpp:100:10:100:14 | * ... | Unexpected result: ir-sink=92:10 |
| test_diff.cpp:100:10:100:14 | * ... | Unexpected result: ir-sink=94:10 |
| test_diff.cpp:100:10:100:14 | * ... | Unexpected result: ir-sink=94:32 |
| test_diff.cpp:102:26:102:30 | (const char *)... | Unexpected result: ir-path=92:10 |
| test_diff.cpp:102:26:102:30 | (const char *)... | Unexpected result: ir-path=94:10 |
| test_diff.cpp:102:26:102:30 | (const char *)... | Unexpected result: ir-path=94:32 |
| test_diff.cpp:104:10:104:20 | * ... | Unexpected result: ir-sink=92:10 |
| test_diff.cpp:104:10:104:20 | * ... | Unexpected result: ir-sink=94:10 |
| test_diff.cpp:104:10:104:20 | * ... | Unexpected result: ir-sink=94:32 |
| test_diff.cpp:104:10:104:20 | * ... | Unexpected result: ir-sink=96:26 |
| test_diff.cpp:104:10:104:20 | * ... | Unexpected result: ir-sink=98:18 |
| test_diff.cpp:104:10:104:20 | * ... | Unexpected result: ir-sink=104:12 |
| test_diff.cpp:104:24:104:47 | // $ ast ir-path ir-sink | Missing result:ir-sink= |
| test_diff.cpp:108:10:108:16 | (const char *)... | Unexpected result: ir-path=92:10 |
| test_diff.cpp:108:10:108:16 | (const char *)... | Unexpected result: ir-path=94:10 |
| test_diff.cpp:108:10:108:16 | (const char *)... | Unexpected result: ir-path=94:32 |
| test_diff.cpp:108:10:108:16 | (const char *)... | Unexpected result: ir-path=96:26 |
| test_diff.cpp:108:10:108:16 | (const char *)... | Unexpected result: ir-path=98:18 |
| test_diff.cpp:108:10:108:16 | (const char *)... | Unexpected result: ir-path=104:12 |
| test_diff.cpp:108:10:108:16 | (const char *)... | Unexpected result: ir-path=108:10 |
| test_diff.cpp:111:10:111:13 | argv | Unexpected result: ir-path= |
| test_diff.cpp:115:11:115:17 | (const char *)... | Unexpected result: ir-path=92:10 |
| test_diff.cpp:115:11:115:17 | (const char *)... | Unexpected result: ir-path=94:10 |
| test_diff.cpp:115:11:115:17 | (const char *)... | Unexpected result: ir-path=94:32 |
| test_diff.cpp:115:11:115:17 | (const char *)... | Unexpected result: ir-path=96:26 |
| test_diff.cpp:115:11:115:17 | (const char *)... | Unexpected result: ir-path=98:18 |
| test_diff.cpp:115:11:115:17 | (const char *)... | Unexpected result: ir-path=104:12 |
| test_diff.cpp:115:11:115:17 | (const char *)... | Unexpected result: ir-path=108:10 |
| test_diff.cpp:115:11:115:17 | (const char *)... | Unexpected result: ir-path=111:10 |
| test_diff.cpp:115:11:115:17 | (const char *)... | Unexpected result: ir-path=115:11 |
| test_diff.cpp:118:26:118:29 | argv | Unexpected result: ir-path= |
| test_diff.cpp:121:23:121:29 | (const char *)... | Unexpected result: ir-path=92:10 |
| test_diff.cpp:121:23:121:29 | (const char *)... | Unexpected result: ir-path=94:10 |
| test_diff.cpp:121:23:121:29 | (const char *)... | Unexpected result: ir-path=94:32 |
| test_diff.cpp:121:23:121:29 | (const char *)... | Unexpected result: ir-path=96:26 |
| test_diff.cpp:121:23:121:29 | (const char *)... | Unexpected result: ir-path=98:18 |
| test_diff.cpp:121:23:121:29 | (const char *)... | Unexpected result: ir-path=104:12 |
| test_diff.cpp:121:23:121:29 | (const char *)... | Unexpected result: ir-path=108:10 |
| test_diff.cpp:121:23:121:29 | (const char *)... | Unexpected result: ir-path=111:10 |
| test_diff.cpp:121:23:121:29 | (const char *)... | Unexpected result: ir-path=115:11 |
| test_diff.cpp:121:23:121:29 | (const char *)... | Unexpected result: ir-path=118:26 |
| test_diff.cpp:121:23:121:29 | (const char *)... | Unexpected result: ir-path=121:23 |
| test_diff.cpp:124:19:124:25 | (const char *)... | Unexpected result: ir-path=92:10 |
| test_diff.cpp:124:19:124:25 | (const char *)... | Unexpected result: ir-path=94:10 |
| test_diff.cpp:124:19:124:25 | (const char *)... | Unexpected result: ir-path=94:32 |
| test_diff.cpp:124:19:124:25 | (const char *)... | Unexpected result: ir-path=96:26 |
| test_diff.cpp:124:19:124:25 | (const char *)... | Unexpected result: ir-path=98:18 |
| test_diff.cpp:124:19:124:25 | (const char *)... | Unexpected result: ir-path=104:12 |
| test_diff.cpp:124:19:124:25 | (const char *)... | Unexpected result: ir-path=108:10 |
| test_diff.cpp:124:19:124:25 | (const char *)... | Unexpected result: ir-path=111:10 |
| test_diff.cpp:124:19:124:25 | (const char *)... | Unexpected result: ir-path=115:11 |
| test_diff.cpp:124:19:124:25 | (const char *)... | Unexpected result: ir-path=118:26 |
| test_diff.cpp:124:19:124:25 | (const char *)... | Unexpected result: ir-path=121:23 |
| test_diff.cpp:124:19:124:25 | (const char *)... | Unexpected result: ir-path=124:19 |
| test_diff.cpp:126:43:126:49 | (const char *)... | Unexpected result: ir-path=92:10 |
| test_diff.cpp:126:43:126:49 | (const char *)... | Unexpected result: ir-path=94:10 |
| test_diff.cpp:126:43:126:49 | (const char *)... | Unexpected result: ir-path=94:32 |
| test_diff.cpp:126:43:126:49 | (const char *)... | Unexpected result: ir-path=96:26 |
| test_diff.cpp:126:43:126:49 | (const char *)... | Unexpected result: ir-path=98:18 |
| test_diff.cpp:126:43:126:49 | (const char *)... | Unexpected result: ir-path=104:12 |
| test_diff.cpp:126:43:126:49 | (const char *)... | Unexpected result: ir-path=108:10 |
| test_diff.cpp:126:43:126:49 | (const char *)... | Unexpected result: ir-path=111:10 |
| test_diff.cpp:126:43:126:49 | (const char *)... | Unexpected result: ir-path=115:11 |
| test_diff.cpp:126:43:126:49 | (const char *)... | Unexpected result: ir-path=118:26 |
| test_diff.cpp:126:43:126:49 | (const char *)... | Unexpected result: ir-path=121:23 |
| test_diff.cpp:126:43:126:49 | (const char *)... | Unexpected result: ir-path=124:19 |
| test_diff.cpp:126:43:126:49 | (const char *)... | Unexpected result: ir-path=126:43 |
| test_diff.cpp:128:44:128:50 | (const char *)... | Unexpected result: ir-path=92:10 |
| test_diff.cpp:128:44:128:50 | (const char *)... | Unexpected result: ir-path=94:10 |
| test_diff.cpp:128:44:128:50 | (const char *)... | Unexpected result: ir-path=94:32 |
| test_diff.cpp:128:44:128:50 | (const char *)... | Unexpected result: ir-path=96:26 |
| test_diff.cpp:128:44:128:50 | (const char *)... | Unexpected result: ir-path=98:18 |
| test_diff.cpp:128:44:128:50 | (const char *)... | Unexpected result: ir-path=104:12 |
| test_diff.cpp:128:44:128:50 | (const char *)... | Unexpected result: ir-path=108:10 |
| test_diff.cpp:128:44:128:50 | (const char *)... | Unexpected result: ir-path=111:10 |
| test_diff.cpp:128:44:128:50 | (const char *)... | Unexpected result: ir-path=115:11 |
| test_diff.cpp:128:44:128:50 | (const char *)... | Unexpected result: ir-path=118:26 |
| test_diff.cpp:128:44:128:50 | (const char *)... | Unexpected result: ir-path=121:23 |
| test_diff.cpp:128:44:128:50 | (const char *)... | Unexpected result: ir-path=124:19 |
| test_diff.cpp:128:44:128:50 | (const char *)... | Unexpected result: ir-path=126:43 |
| test_diff.cpp:128:44:128:50 | (const char *)... | Unexpected result: ir-path=128:44 |
