| test.c:17:10:17:12 | min | $@ flows to an operand of an arithmetic expression, potentially causing an overflow. | test.c:8:9:8:15 | 2147483647 | Extreme value |
| test.c:48:3:48:5 | sc2 | $@ flows to an operand of an arithmetic expression, potentially causing an underflow. | test.c:47:9:47:16 | - ... | Extreme value |
| test.c:50:3:50:5 | sc3 | $@ flows to an operand of an arithmetic expression, potentially causing an overflow. | test.c:49:9:49:16 | 127 | Extreme value |
| test.c:124:9:124:9 | x | $@ flows to an operand of an arithmetic expression, potentially causing an overflow. | test.c:118:17:118:23 | 2147483647 | Extreme value |
