| dispatch.cpp:96:8:96:8 | x | Unexpected result: ir= |
| dispatch.cpp:96:12:96:83 | // $ ir=107:17 ir=140:8 ir=144:8 MISSING: ast=107:17 ast=140:8 ast=144:8 | Missing result:ir=107:17 |
| dispatch.cpp:96:12:96:83 | // $ ir=107:17 ir=140:8 ir=144:8 MISSING: ast=107:17 ast=140:8 ast=144:8 | Missing result:ir=140:8 |
| dispatch.cpp:96:12:96:83 | // $ ir=107:17 ir=140:8 ir=144:8 MISSING: ast=107:17 ast=140:8 ast=144:8 | Missing result:ir=144:8 |
