| test.cpp:193:15:193:24 | ... / ... | An arithmetic operation $@ that uses a constant value of 365 ends up modifying this date/time, without considering leap year scenarios. | test.cpp:193:15:193:24 | ... / ... | ... / ... |
