edges
| tests3.cpp:23:21:23:53 | call to createXMLReader | tests3.cpp:25:2:25:2 | p |
| tests3.cpp:60:21:60:53 | call to createXMLReader | tests3.cpp:63:2:63:2 | p |
| tests3.cpp:67:21:67:53 | call to createXMLReader | tests3.cpp:70:2:70:2 | p |
| tests5.cpp:27:25:27:38 | call to createLSParser | tests5.cpp:29:2:29:2 | p |
| tests5.cpp:40:25:40:38 | call to createLSParser | tests5.cpp:43:2:43:2 | p |
| tests5.cpp:55:25:55:38 | call to createLSParser | tests5.cpp:59:2:59:2 | p |
| tests5.cpp:81:25:81:38 | call to createLSParser | tests5.cpp:83:2:83:2 | p |
| tests5.cpp:81:25:81:38 | call to createLSParser | tests5.cpp:83:2:83:2 | p |
| tests5.cpp:83:2:83:2 | p | tests5.cpp:85:2:85:2 | p |
| tests5.cpp:85:2:85:2 | p | tests5.cpp:86:2:86:2 | p |
| tests5.cpp:86:2:86:2 | p | tests5.cpp:88:2:88:2 | p |
| tests5.cpp:88:2:88:2 | p | tests5.cpp:89:2:89:2 | p |
nodes
| tests3.cpp:23:21:23:53 | call to createXMLReader | semmle.label | call to createXMLReader |
| tests3.cpp:25:2:25:2 | p | semmle.label | p |
| tests3.cpp:60:21:60:53 | call to createXMLReader | semmle.label | call to createXMLReader |
| tests3.cpp:63:2:63:2 | p | semmle.label | p |
| tests3.cpp:67:21:67:53 | call to createXMLReader | semmle.label | call to createXMLReader |
| tests3.cpp:70:2:70:2 | p | semmle.label | p |
| tests4.cpp:26:34:26:48 | XML_PARSE_NOENT | semmle.label | XML_PARSE_NOENT |
| tests4.cpp:36:34:36:50 | XML_PARSE_DTDLOAD | semmle.label | XML_PARSE_DTDLOAD |
| tests4.cpp:46:34:46:68 | ... \| ... | semmle.label | ... \| ... |
| tests4.cpp:77:34:77:38 | flags | semmle.label | flags |
| tests4.cpp:130:39:130:55 | XML_PARSE_DTDLOAD | semmle.label | XML_PARSE_DTDLOAD |
| tests5.cpp:27:25:27:38 | call to createLSParser | semmle.label | call to createLSParser |
| tests5.cpp:29:2:29:2 | p | semmle.label | p |
| tests5.cpp:40:25:40:38 | call to createLSParser | semmle.label | call to createLSParser |
| tests5.cpp:43:2:43:2 | p | semmle.label | p |
| tests5.cpp:55:25:55:38 | call to createLSParser | semmle.label | call to createLSParser |
| tests5.cpp:59:2:59:2 | p | semmle.label | p |
| tests5.cpp:81:25:81:38 | call to createLSParser | semmle.label | call to createLSParser |
| tests5.cpp:83:2:83:2 | p | semmle.label | p |
| tests5.cpp:83:2:83:2 | p | semmle.label | p |
| tests5.cpp:85:2:85:2 | p | semmle.label | p |
| tests5.cpp:86:2:86:2 | p | semmle.label | p |
| tests5.cpp:88:2:88:2 | p | semmle.label | p |
| tests5.cpp:89:2:89:2 | p | semmle.label | p |
subpaths
#select
| tests3.cpp:25:2:25:2 | p | tests3.cpp:23:21:23:53 | call to createXMLReader | tests3.cpp:25:2:25:2 | p | This $@ is not configured to prevent an XML external entity (XXE) attack. | tests3.cpp:23:21:23:53 | call to createXMLReader | XML parser |
| tests3.cpp:63:2:63:2 | p | tests3.cpp:60:21:60:53 | call to createXMLReader | tests3.cpp:63:2:63:2 | p | This $@ is not configured to prevent an XML external entity (XXE) attack. | tests3.cpp:60:21:60:53 | call to createXMLReader | XML parser |
| tests3.cpp:70:2:70:2 | p | tests3.cpp:67:21:67:53 | call to createXMLReader | tests3.cpp:70:2:70:2 | p | This $@ is not configured to prevent an XML external entity (XXE) attack. | tests3.cpp:67:21:67:53 | call to createXMLReader | XML parser |
| tests4.cpp:26:34:26:48 | XML_PARSE_NOENT | tests4.cpp:26:34:26:48 | XML_PARSE_NOENT | tests4.cpp:26:34:26:48 | XML_PARSE_NOENT | This $@ is not configured to prevent an XML external entity (XXE) attack. | tests4.cpp:26:34:26:48 | XML_PARSE_NOENT | XML parser |
| tests4.cpp:36:34:36:50 | XML_PARSE_DTDLOAD | tests4.cpp:36:34:36:50 | XML_PARSE_DTDLOAD | tests4.cpp:36:34:36:50 | XML_PARSE_DTDLOAD | This $@ is not configured to prevent an XML external entity (XXE) attack. | tests4.cpp:36:34:36:50 | XML_PARSE_DTDLOAD | XML parser |
| tests4.cpp:46:34:46:68 | ... \| ... | tests4.cpp:46:34:46:68 | ... \| ... | tests4.cpp:46:34:46:68 | ... \| ... | This $@ is not configured to prevent an XML external entity (XXE) attack. | tests4.cpp:46:34:46:68 | ... \| ... | XML parser |
| tests4.cpp:77:34:77:38 | flags | tests4.cpp:77:34:77:38 | flags | tests4.cpp:77:34:77:38 | flags | This $@ is not configured to prevent an XML external entity (XXE) attack. | tests4.cpp:77:34:77:38 | flags | XML parser |
| tests4.cpp:130:39:130:55 | XML_PARSE_DTDLOAD | tests4.cpp:130:39:130:55 | XML_PARSE_DTDLOAD | tests4.cpp:130:39:130:55 | XML_PARSE_DTDLOAD | This $@ is not configured to prevent an XML external entity (XXE) attack. | tests4.cpp:130:39:130:55 | XML_PARSE_DTDLOAD | XML parser |
| tests5.cpp:29:2:29:2 | p | tests5.cpp:27:25:27:38 | call to createLSParser | tests5.cpp:29:2:29:2 | p | This $@ is not configured to prevent an XML external entity (XXE) attack. | tests5.cpp:27:25:27:38 | call to createLSParser | XML parser |
| tests5.cpp:43:2:43:2 | p | tests5.cpp:40:25:40:38 | call to createLSParser | tests5.cpp:43:2:43:2 | p | This $@ is not configured to prevent an XML external entity (XXE) attack. | tests5.cpp:40:25:40:38 | call to createLSParser | XML parser |
| tests5.cpp:59:2:59:2 | p | tests5.cpp:55:25:55:38 | call to createLSParser | tests5.cpp:59:2:59:2 | p | This $@ is not configured to prevent an XML external entity (XXE) attack. | tests5.cpp:55:25:55:38 | call to createLSParser | XML parser |
| tests5.cpp:83:2:83:2 | p | tests5.cpp:81:25:81:38 | call to createLSParser | tests5.cpp:83:2:83:2 | p | This $@ is not configured to prevent an XML external entity (XXE) attack. | tests5.cpp:81:25:81:38 | call to createLSParser | XML parser |
| tests5.cpp:89:2:89:2 | p | tests5.cpp:81:25:81:38 | call to createLSParser | tests5.cpp:89:2:89:2 | p | This $@ is not configured to prevent an XML external entity (XXE) attack. | tests5.cpp:81:25:81:38 | call to createLSParser | XML parser |
