| test.cpp:34:13:34:23 | // $ ast,ir | Missing result:ir= |
