| tests_32.cpp:15:15:15:15 | l | This argument should be of type 'void *' but is of type 'long'. |
| tests_64.cpp:15:15:15:15 | l | This argument should be of type 'void *' but is of type 'long'. |
