| test.swift:340:9:340:13 | SSA def(x) | test.swift:341:12:341:12 | x |
| test.swift:340:19:340:19 | 42 | test.swift:340:9:340:13 | SSA def(x) |
