edges
| test.cpp:17:6:17:6 | b | test.cpp:17:9:19:3 | { ... } |
| test.cpp:17:6:17:6 | b | test.cpp:21:3:21:23 | ExprStmt |
| test.cpp:17:9:19:3 | { ... } | test.cpp:18:5:18:12 | ExprStmt |
| test.cpp:18:5:18:9 | call to start | test.cpp:21:3:21:23 | ExprStmt |
| test.cpp:18:5:18:12 | ExprStmt | test.cpp:18:5:18:9 | call to start |
| test.cpp:21:3:21:3 | b | test.cpp:21:3:21:22 | ... = ... |
| test.cpp:21:3:21:22 | ... = ... | test.cpp:23:3:25:3 | if (...) ...  |
| test.cpp:21:3:21:23 | ExprStmt | test.cpp:21:7:21:20 | call to getAnotherBool |
| test.cpp:21:7:21:20 | call to getAnotherBool | test.cpp:21:3:21:3 | b |
| test.cpp:23:3:25:3 | if (...) ...  | test.cpp:23:7:23:7 | b |
| test.cpp:23:6:23:7 | ! ... | test.cpp:23:10:25:3 | { ... } |
| test.cpp:23:7:23:7 | b | test.cpp:23:6:23:7 | ! ... |
| test.cpp:23:10:25:3 | { ... } | test.cpp:24:5:24:10 | ExprStmt |
| test.cpp:24:5:24:10 | ExprStmt | test.cpp:24:5:24:7 | call to end |
#select
| test.cpp:24:5:24:7 | call to end | test.cpp:18:5:18:9 | call to start | test.cpp:24:5:24:7 | call to end |  |
