| format.h:16:59:16:61 | str | This argument should be of type 'int' but is of type 'char *'. Consider using '%s' instead. |
| format.h:16:64:16:64 | i | This argument should be of type 'double' but is of type 'int'. Consider using '%d' instead. |
| format.h:16:67:16:67 | d | This argument should be of type 'char *' but is of type 'double'. Consider using '%f' instead. |
| pri_macros.h:15:35:15:40 | my_u64 | This argument should be of type 'unsigned int' but is of type 'unsigned long long'. Consider using '%uI64' instead. |
| printf1.h:12:27:12:27 | i | This argument should be of type 'double' but is of type 'int'. Consider using '%d' instead. |
| printf1.h:18:18:18:18 | i | This argument should be of type 'void *' but is of type 'int'. Consider using '%d' instead. |
| printf1.h:25:22:25:22 | i | This argument should be of type 'char *' but is of type 'int'. Consider using '%d' instead. |
| printf1.h:27:19:27:20 | cs | This argument should be of type 'int' but is of type 'char *'. |
| printf1.h:38:18:38:30 | MYONETHOUSAND | This argument should be of type 'char *' but is of type 'int'. Consider using '%d' instead. |
| printf1.h:44:18:44:20 | ull | This argument should be of type 'int' but is of type 'unsigned long long'. Consider using '%uI64' instead. |
| printf1.h:45:18:45:20 | ull | This argument should be of type 'unsigned int' but is of type 'unsigned long long'. Consider using '%uI64' instead. |
| printf1.h:46:18:46:20 | ull | This argument should be of type 'unsigned int' but is of type 'unsigned long long'. Consider using '%uI64' instead. |
| printf1.h:130:18:130:18 | 0 | This argument should be of type 'void *' but is of type 'int'. Consider using '%d' instead. |
| printf1.h:168:19:168:19 | i | This argument should be of type 'long long' but is of type 'int'. Consider using '%d' instead. |
| printf1.h:169:19:169:20 | ui | This argument should be of type 'unsigned long long' but is of type 'unsigned int'. Consider using '%u' instead. |
| real_world.h:61:21:61:22 | & ... | This argument should be of type 'int *' but is of type 'short *'. Consider using '%nh' instead. |
| real_world.h:62:22:62:23 | & ... | This argument should be of type 'short *' but is of type 'int *'. |
| real_world.h:63:22:63:24 | & ... | This argument should be of type 'short *' but is of type 'unsigned int *'. |
| real_world.h:64:22:64:24 | & ... | This argument should be of type 'short *' but is of type 'signed int *'. |
| wide_string.h:25:18:25:20 | c | This argument should be of type 'char' but is of type 'char *'. Consider using '%s' instead. |
