Timeout (5m0s) in DataFlowUtil#47741e1f::simpleLocalFlowStep#2#ff
