| test.cpp:32:3:32:44 | return ... | Return value may contain a dangling pointer to $@. | test.cpp:32:10:32:35 | call to basic_string | this local std::string |
